// Jest Snapshot v1, https://goo.gl/fbAQLP

exports[`renders a Loading Bar 1`] = `
<div
  className="loading-wrapper"
>
  <LinearProgress
    max={100}
    min={0}
    mode="indeterminate"
    value={0}
  />
</div>
`;
